<testsuites name="results">
  <testsuite name="all" package="all">
    <property name="random_seed" value="1623271027" />
    <testcase name="test_wrapper" classname="test_wrapper" file="/home/zerotoasic/Project4.2/glsim_wb_hyperram/test_wrapper.py" lineno="5" time="1.3097255229949951" sim_time_ns="2660.001" ratio_time="2030.9606503790833" />
  </testsuite>
</testsuites>
